<style>@charset "UTF-8"; .critical-one {display:none}</style>
<style>@charset "UTF-8"; .critical-two {display:none}</style>

<link rel="stylesheet" type="text/css" href="/typo3conf/ext/accelerator/Tests/Integration/ContentProcessing/CriticalCssTest/Fixtures/Frontend/Files/Global/screen.css" media="print" data-media="screen" onload="this.media=this.dataset.media; this.onload = null" />
<link rel="stylesheet" type="text/css" href="/typo3conf/ext/accelerator/Tests/Integration/ContentProcessing/CriticalCssTest/Fixtures/Frontend/Files/Global/all.css" media="print,speech" data-media="all" onload="this.media=this.dataset.media; this.onload = null" />
<link rel="stylesheet" type="text/css" href="/typo3conf/ext/accelerator/Tests/Integration/ContentProcessing/CriticalCssTest/Fixtures/Frontend/Files/Global/print.css" media="print" data-media="print" onload="this.media=this.dataset.media; this.onload = null" />